// Jest Snapshot v1, https://goo.gl/fbAQLP

exports[`hookScript should match snapshot (OS X/Linux) 1`] = `
"#!/bin/sh
# husky
# v0.15.0-rc.13 darwin

unset GIT_DIR
export GIT_PARAMS=\\"$*\\"
node_modules/run-node/run-node ./node_modules/husky/lib/runner/bin \`basename \\"$0\\"\`
"
`;

exports[`hookScript should match snapshot (Windows) 1`] = `
"#!/bin/sh
# husky
# v0.15.0-rc.13 win32

unset GIT_DIR
export GIT_PARAMS=\\"$*\\"
node ./node_modules/husky/lib/runner/bin \`basename \\"$0\\"\`
"
`;
